Hi! I am Derek Rymers and this string is more than 30 characters!!!!
